TAP version 13
ok 1 - Icecave\Siesta\Encoding\AbstractEncodingTest::testSupportsContentType
ok 2 - Icecave\Siesta\Encoding\AbstractEncodingTest::testSupportsFileExtension
ok 3 - Icecave\Siesta\Encoding\AbstractEncodingTest::testSupportsRequest
ok 4 - Icecave\Siesta\Encoding\AbstractEncodingTest::testReadRequest
ok 5 - Icecave\Siesta\Encoding\AbstractEncodingTest::testReadRequestWithPayload with data set #0 ('POST')
ok 6 - Icecave\Siesta\Encoding\AbstractEncodingTest::testReadRequestWithPayload with data set #1 ('PUT')
ok 7 - Icecave\Siesta\Encoding\AbstractEncodingTest::testWriteResponse
ok 8 - Icecave\Siesta\Encoding\EncodingSelectorTest::testSelectByContentType
ok 9 - Icecave\Siesta\Encoding\EncodingSelectorTest::testSelectByFileExtension
ok 10 - Icecave\Siesta\Encoding\EncodingSelectorTest::testSelectByRequest
ok 11 - Icecave\Siesta\Encoding\EncodingSelectorTest::testSelectDefaultFallback
ok 12 - Icecave\Siesta\Encoding\JsonEncodingTest::testConstructor
ok 13 - Icecave\Siesta\Encoding\JsonEncodingTest::testDecodePayload
ok 14 - Icecave\Siesta\Encoding\JsonEncodingTest::testEncodePayload
ok 15 - Icecave\Siesta\Endpoint\EndpointTest::testProcessIndexNoIdentityArguments
ok 16 - Icecave\Siesta\Endpoint\EndpointTest::testProcessIndex
ok 17 - Icecave\Siesta\Endpoint\EndpointTest::testProcessGet
ok 18 - Icecave\Siesta\Endpoint\EndpointTest::testProcessPost
ok 19 - Icecave\Siesta\Endpoint\EndpointTest::testProcessUnsupportedMethod
ok 20 - Icecave\Siesta\Router\PathRouteTest::testIdentity
ok 21 - Icecave\Siesta\Router\PathRouteTest::testResolve
ok 22 - Icecave\Siesta\Router\PathRouteTest::testResolveFailure
ok 23 - Icecave\Siesta\Router\PatternCompilerTest::testCompile with data set "simple" ('/path/to/resource', '|^/path/to/resource$|', array(), array())
ok 24 - Icecave\Siesta\Router\PatternCompilerTest::testCompile with data set "trailing slash" ('/path/to/resource/', '|^/path/to/resource$|', array(), array())
ok 25 - Icecave\Siesta\Router\PatternCompilerTest::testCompile with data set "named 1" ('/path/:foo', '|^/path/([^/]+)$|', array('foo'), array())
ok 26 - Icecave\Siesta\Router\PatternCompilerTest::testCompile with data set "named 2" ('/path/:foo/:bar', '|^/path/([^/]+)/([^/]+)$|', array('foo', 'bar'), array())
ok 27 - Icecave\Siesta\Router\PatternCompilerTest::testCompile with data set "optional 1" ('/path/:foo?', '|^/path(?:/([^/]+))?$|', array(), array('foo'))
ok 28 - Icecave\Siesta\Router\PatternCompilerTest::testCompile with data set "optional 2" ('/path/:foo/:bar?', '|^/path/([^/]+)(?:/([^/]+))?$|', array('foo'), array('bar'))
ok 29 - Icecave\Siesta\Router\PatternCompilerTest::testCompile with data set "embedded" ('/path/:foo/resource', '|^/path/([^/]+)/resource$|', array('foo'), array())
ok 30 - Icecave\Siesta\Router\PatternCompilerTest::testCompile with data set "escaping" ('/path/:foo/.', '|^/path/([^/]+)/\\.$|', array('foo'), array())
ok 31 - Icecave\Siesta\Router\RouteMatchTest::testRoute
ok 32 - Icecave\Siesta\Router\RouteMatchTest::testEndpoint
ok 33 - Icecave\Siesta\Router\RouteMatchTest::testArguments
ok 34 - Icecave\Siesta\Router\RouterTest::testResolve
ok 35 - Icecave\Siesta\Router\RouterTest::testResolveFailure
ok 36 - Icecave\Siesta\Router\RouterTest::testAddRoute
ok 37 - Icecave\Siesta\Router\RouterTest::testAddRouteReplace
ok 38 - Icecave\Siesta\Router\RouterTest::testRemoveRoute
ok 39 - Icecave\Siesta\Router\RouterTest::testRemoveRouteFailure
ok 40 - Icecave\Siesta\Router\RouterTest::testRemoveRouteFailureNotIdentical
1..40
